EnumDecl	"colours"		Parent = "/home/vishnu/Desktop/c-decl-parser/tests/enum.c"
EnumConstantDecl	"Red"		Parent = "colours"
EnumConstantDecl	"Black"		Parent = "colours"
EnumConstantDecl	"Yellow"		Parent = "colours"
EnumDecl	"week"		Parent = "/home/vishnu/Desktop/c-decl-parser/tests/enum.c"
EnumConstantDecl	"Mon"		Parent = "week"
IntegerLiteral		 value = "99" 		Parent = "Mon"
EnumConstantDecl	"Tue"		Parent = "week"
EnumConstantDecl	"Wed"		Parent = "week"
EnumConstantDecl	"Thur"		Parent = "week"
EnumConstantDecl	"Fri"		Parent = "week"
EnumConstantDecl	"Sat"		Parent = "week"
EnumConstantDecl	"Sun"		Parent = "week"
